---Token: 48014aaaad48afe43e16cd015b6b846c10cf0e91e4cc45327ad346b8e30afcbe
Username: alchen Id: 576582
UserId: 576582 AccId: 973987
Syncing... 973987
{'request': {'url': 'https://api.quovo.com/v2/accounts/973987/sync', 'headers': {'Content-Length': '2', 'Accept-Encoding': 'gzip, deflate', 'Accept': '*/*', 'User-Agent': 'python-requests/2.7.0 CPython/2.7.9 Darwin/15.4.0', 'Connection': 'keep-alive', 'Content-Type': 'application/json', 'Authorization': 'Bearer 48014aaaad48afe43e16cd015b6b846c10cf0e91e4cc45327ad346b8e30afcbe'}, 'body': '{}', 'method': 'POST'}, 'response': {u'sync': {u'status': u'syncing', u'progress': {u'state': u'queued', u'percent': 0.0, u'message': u'queued'}, u'account': 973987, u'has_realtime': False}}}
good sync
acccount id: 973987 portfolio_id:  932340
{'request': {'url': 'https://api.quovo.com/v2/portfolios/932340/history', 'headers': {'Accept': '*/*', 'Connection': 'keep-alive', 'Accept-Encoding': 'gzip, deflate', 'Authorization': 'Bearer 48014aaaad48afe43e16cd015b6b846c10cf0e91e4cc45327ad346b8e30afcbe', 'User-Agent': 'python-requests/2.7.0 CPython/2.7.9 Darwin/15.4.0'}, 'body': None, 'method': 'GET'}, 'response': {u'history': [{u'cusip': u'95931Q205', u'account': 973987, u'ticker_name': u'Western Refining Logistics LP representing limited partner interests', u'memo': u'sell stock', u'tran_type': u'SELL', u'value': 2621.5237869, u'id': 268760722, u'currency': None, u'fxrate': 1.0, u'user': 576582, u'fees': 0.0, u'date': u'2016-06-01', u'portfolio': 932340, u'tran_category': u'S', u'ticker': u'WNRL', u'price': 22.9958226921, u'quantity': -114.0}, {u'cusip': u'19624R106', u'account': 973987, u'ticker_name': u'Colony Capital Inc. Class A', u'memo': u'sell stock', u'tran_type': u'SELL', u'value': 540.413275279, u'id': 268760723, u'currency': None, u'fxrate': 1.0, u'user': 576582, u'fees': 0.0, u'date': u'2016-01-08', u'portfolio': 932340, u'tran_category': u'S', u'ticker': u'CLNY', u'price': 19.3004741171, u'quantity': -28.0}, {u'cusip': u'19624R106', u'account': 973987, u'ticker_name': u'Colony Capital Inc. Class A', u'memo': u'buy stock', u'tran_type': u'BUYL', u'value': -542.445835476, u'id': 268760724, u'currency': None, u'fxrate': 1.0, u'user': 576582, u'fees': 0.0, u'date': u'2015-12-11', u'portfolio': 932340, u'tran_category': u'B', u'ticker': u'CLNY', u'price': 19.3730655527, u'quantity': 28.0}, {u'cusip': u'19624R106', u'account': 973987, u'ticker_name': u'Colony Capital Inc. Class A', u'memo': u'dividend payment', u'tran_type': u'DV2C', u'value': 11.7242884242, u'id': 268760725, u'currency': None, u'fxrate': 1.0, u'user': 576582, u'fees': 0.0, u'date': u'2016-01-15', u'portfolio': 932340, u'tran_category': u'I', u'ticker': u'CLNY', u'price': 0.0, u'quantity': 0.0}, {u'cusip': u'45409B867', u'account': 973987, u'ticker_name': u'IQ Canada Small Cap', u'memo': u'buy stock', u'tran_type': u'BUYL', u'value': -1970.61677521, u'id': 268760726, u'currency': None, u'fxrate': 1.0, u'user': 576582, u'fees': 0.0, u'date': u'2015-12-11', u'portfolio': 932340, u'tran_category': u'B', u'ticker': u'CNDA', u'price': 12.6321588154, u'quantity': 156.0}, {u'cusip': u'45409B867', u'account': 973987, u'ticker_name': u'IQ Canada Small Cap', u'memo': u'dividend payment', u'tran_type': u'DV2C', u'value': 55.8474044685, u'id': 268760727, u'currency': None, u'fxrate': 1.0, u'user': 576582, u'fees': 0.0, u'date': u'2016-01-05', u'portfolio': 932340, u'tran_category': u'I', u'ticker': u'CNDA', u'price': 0.0, u'quantity': 0.0}, {u'cusip': u'45409B867', u'account': 973987, u'ticker_name': u'IQ Canada Small Cap', u'memo': u'buy stock', u'tran_type': u'BUYL', u'value': -3167.72380546, u'id': 268760728, u'currency': None, u'fxrate': 1.0, u'user': 576582, u'fees': 0.0, u'date': u'2016-03-30', u'portfolio': 932340, u'tran_category': u'B', u'ticker': u'CNDA', u'price': 13.8935254626, u'quantity': 228.0}, {u'cusip': u'45409B867', u'account': 973987, u'ticker_name': u'IQ Canada Small Cap', u'memo': u'sell stock', u'tran_type': u'SELL', u'value': 3308.34278325, u'id': 268760729, u'currency': None, u'fxrate': 1.0, u'user': 576582, u'fees': 0.0, u'date': u'2016-04-07', u'portfolio': 932340, u'tran_category': u'S', u'ticker': u'CNDA', u'price': 13.5587818985, u'quantity': -244.0}, {u'cusip': u'45409B867', u'account': 973987, u'ticker_name': u'IQ Canada Small Cap', u'memo': u'buy stock', u'tran_type': u'BUYL', u'value': -2451.91410913, u'id': 268760730, u'currency': None, u'fxrate': 1.0, u'user': 576582, u'fees': 0.0, u'date': u'2016-04-22', u'portfolio': 932340, u'tran_category': u'B', u'ticker': u'CNDA', u'price': 16.0255824126, u'quantity': 153.0}, {u'cusip': u'45409B867', u'account': 973987, u'ticker_name': u'IQ Canada Small Cap', u'memo': u'sell stock', u'tran_type': u'SELL', u'value': 3855.91468251, u'id': 268760731, u'currency': None, u'fxrate': 1.0, u'user': 576582, u'fees': 0.0, u'date': u'2016-04-26', u'portfolio': 932340, u'tran_category': u'S', u'ticker': u'CNDA', u'price': 15.3622098905, u'quantity': -251.0}, {u'cusip': u'45409B867', u'account': 973987, u'ticker_name': u'IQ Canada Small Cap', u'memo': u'buy stock', u'tran_type': u'BUYL', u'value': -3325.9736315, u'id': 268760732, u'currency': None, u'fxrate': 1.0, u'user': 576582, u'fees': 0.0, u'date': u'2016-05-12', u'portfolio': 932340, u'tran_category': u'B', u'ticker': u'CNDA', u'price': 16.3037923113, u'quantity': 204.0}, {u'cusip': u'209115104', u'account': 973987, u'ticker_name': u'Consolidated Edison Inc.', u'memo': u'dividend payment', u'tran_type': u'DV2C', u'value': 0.0, u'id': 268760733, u'currency': None, u'fxrate': 1.0, u'user': 576582, u'fees': 0.0, u'date': u'2015-12-15', u'portfolio': 932340, u'tran_category': u'I', u'ticker': u'ED', u'price': 0.0, u'quantity': 0.0}, {u'cusip': u'209115104', u'account': 973987, u'ticker_name': u'Consolidated Edison Inc.', u'memo': u'buy stock', u'tran_type': u'BUYL', u'value': -955.614864857, u'id': 268760734, u'currency': None, u'fxrate': 1.0, u'user': 576582, u'fees': 0.0, u'date': u'2015-12-11', u'portfolio': 932340, u'tran_category': u'B', u'ticker': u'ED', u'price': 63.7076576571, u'quantity': 15.0}, {u'cusip': u'209115104', u'account': 973987, u'ticker_name': u'Consolidated Edison Inc.', u'memo': u'buy stock', u'tran_type': u'BUYL', u'value': -1009.42392193, u'id': 268760735, u'currency': None, u'fxrate': 1.0, u'user': 576582, u'fees': 0.0, u'date': u'2016-01-08', u'portfolio': 932340, u'tran_category': u'B', u'ticker': u'ED', u'price': 67.2949281288, u'quantity': 15.0}, {u'cusip': u'209115104', u'account': 973987, u'ticker_name': u'Consolidated Edison Inc.', u'memo': u'buy stock', u'tran_type': u'BUYL', u'value': -3734.49823855, u'id': 268760736, u'currency': None, u'fxrate': 1.0, u'user': 576582, u'fees': 0.0, u'date': u'2016-02-01', u'portfolio': 932340, u'tran_category': u'B', u'ticker': u'ED', u'price': 69.157374788, u'quantity': 54.0}, {u'cusip': u'209115104', u'account': 973987, u'ticker_name': u'Consolidated Edison Inc.', u'memo': u'dividend payment', u'tran_type': u'DV2C', u'value': 57.4842162231, u'id': 268760737, u'currency': None, u'fxrate': 1.0, u'user': 576582, u'fees': 0.0, u'date': u'2016-03-15', u'portfolio': 932340, u'tran_category': u'I', u'ticker': u'ED', u'price': 0.0, u'quantity': 0.0}, {u'cusip': u'209115104', u'account': 973987, u'ticker_name': u'Consolidated Edison Inc.', u'memo': u'buy stock', u'tran_type': u'BUYL', u'value': -4432.47876266, u'id': 268760738, u'currency': None, u'fxrate': 1.0, u'user': 576582, u'fees': 0.0, u'date': u'2016-03-31', u'portfolio': 932340, u'tran_category': u'B', u'ticker': u'ED', u'price': 76.422047632, u'quantity': 58.0}, {u'cusip': u'209115104', u'account': 973987, u'ticker_name': u'Consolidated Edison Inc.', u'memo': u'sell stock', u'tran_type': u'SELL', u'value': 4075.39351468, u'id': 268760739, u'currency': None, u'fxrate': 1.0, u'user': 576582, u'fees': 0.0, u'date': u'2016-04-04', u'portfolio': 932340, u'tran_category': u'S', u'ticker': u'ED', u'price': 76.894217258, u'quantity': -53.0}, {u'cusip': u'209115104', u'account': 973987, u'ticker_name': u'Consolidated Edison Inc.', u'memo': u'sell stock', u'tran_type': u'SELL', u'value': 933.276452029, u'id': 268760740, u'currency': None, u'fxrate': 1.0, u'user': 576582, u'fees': 0.0, u'date': u'2016-04-13', u'portfolio': 932340, u'tran_category': u'S', u'ticker': u'ED', u'price': 71.7904963099, u'quantity': -13.0}, {u'cusip': u'G3682E192', u'account': 973987, u'ticker_name': u'Frontline Ltd.', u'memo': u'buy stock', u'tran_type': u'BUYL', u'value': -3915.55170426, u'id': 268760741, u'currency': None, u'fxrate': 1.0, u'user': 576582, u'fees': 0.0, u'date': u'2015-12-11', u'portfolio': 932340, u'tran_category': u'B', u'ticker': u'FRO', u'price': 2.9821414351, u'quantity': 1313.0}, {u'cusip': u'G3682E192', u'account': 973987, u'ticker_name': u'Frontline Ltd.', u'memo': u'buy stock', u'tran_type': u'BUYL', u'value': -4936.68398224, u'id': 268760742, u'currency': None, u'fxrate': 1.0, u'user': 576582, u'fees': 0.0, u'date': u'2015-12-16', u'portfolio': 932340, u'tran_category': u'B', u'ticker': u'FRO', u'price': 2.8835770924, u'quantity': 1712.0}, {u'cusip': u'G3682E192', u'account': 973987, u'ticker_name': u'Frontline Ltd.', u'memo': u'sell stock', u'tran_type': u'SELL', u'value': 1867.75684214, u'id': 268760743, u'currency': None, u'fxrate': 1.0, u'user': 576582, u'fees': 0.0, u'date': u'2016-01-15', u'portfolio': 932340, u'tran_category': u'S', u'ticker': u'FRO', u'price': 1.9890914187, u'quantity': -939.0}, {u'cusip': u'G3682E192', u'account': 973987, u'ticker_name': u'Frontline Ltd.', u'memo': u'stock split', u'tran_type': u'SPLT', u'value': 0.0, u'id': 268760744, u'currency': None, u'fxrate': 1.0, u'user': 576582, u'fees': 0.0, u'date': u'2016-02-03', u'portfolio': 932340, u'tran_category': u'T', u'ticker': u'FRO', u'price': 0.0, u'quantity': -1656.99612733}, {u'cusip': u'G3682E192', u'account': 973987, u'ticker_name': u'Frontline Ltd.', u'memo': u'dividend payment', u'tran_type': u'DV2C', u'value': 145.404809113, u'id': 268760745, u'currency': None, u'fxrate': 1.0, u'user': 576582, u'fees': 0.0, u'date': u'2016-03-18', u'portfolio': 932340, u'tran_category': u'I', u'ticker': u'FRO', u'price': 0.0, u'quantity': 0.0}, {u'cusip': u'G3682E192', u'account': 973987, u'ticker_name': u'Frontline Ltd.', u'memo': u'sell stock', u'tran_type': u'SELL', u'value': 2732.67774331, u'id': 268760746, u'currency': None, u'fxrate': 1.0, u'user': 576582, u'fees': 0.0, u'date': u'2016-04-11', u'portfolio': 932340, u'tran_category': u'S', u'ticker': u'FRO', u'price': 7.4257547373, u'quantity': -368.0}, {u'cusip': u'G3682E192', u'account': 973987, u'ticker_name': u'Frontline Ltd.', u'memo': u'buy stock', u'tran_type': u'BUYL', u'value': -1957.11911442, u'id': 268760747, u'currency': None, u'fxrate': 1.0, u'user': 576582, u'fees': 0.0, u'date': u'2016-04-27', u'portfolio': 932340, u'tran_category': u'B', u'ticker': u'FRO', u'price': 9.1883526499, u'quantity': 213.0}, {u'cusip': u'G3682E192', u'account': 973987, u'ticker_name': u'Frontline Ltd.', u'memo': u'buy stock', u'tran_type': u'BUYL', u'value': -2097.55250733, u'id': 268760748, u'currency': None, u'fxrate': 1.0, u'user': 576582, u'fees': 0.0, u'date': u'2016-06-07', u'portfolio': 932340, u'tran_category': u'B', u'ticker': u'FRO', u'price': 9.8941156006, u'quantity': 212.0}, {u'cusip': u'459044103', u'account': 973987, u'ticker_name': u'International Bancshares Corporation', u'memo': u'buy stock', u'tran_type': u'BUYL', u'value': -3841.2691373, u'id': 268760749, u'currency': None, u'fxrate': 1.0, u'user': 576582, u'fees': 0.0, u'date': u'2015-12-11', u'portfolio': 932340, u'tran_category': u'B', u'ticker': u'IBOC', u'price': 25.954521198, u'quantity': 148.0}, {u'cusip': u'459044103', u'account': 973987, u'ticker_name': u'International Bancshares Corporation', u'memo': u'buy stock', u'tran_type': u'BUYL', u'value': -1690.88002132, u'id': 268760750, u'currency': None, u'fxrate': 1.0, u'user': 576582, u'fees': 0.0, u'date': u'2016-01-06', u'portfolio': 932340, u'tran_category': u'B', u'ticker': u'IBOC', u'price': 24.8658826665, u'quantity': 68.0}, {u'cusip': u'459044103', u'account': 973987, u'ticker_name': u'International Bancshares Corporation', u'memo': u'sell stock', u'tran_type': u'SELL', u'value': 2135.34713663, u'id': 268760751, u'currency': None, u'fxrate': 1.0, u'user': 576582, u'fees': 0.0, u'date': u'2016-02-19', u'portfolio': 932340, u'tran_category': u'S', u'ticker': u'IBOC', u'price': 21.7892564962, u'quantity': -98.0}, {u'cusip': u'459044103', u'account': 973987, u'ticker_name': u'International Bancshares Corporation', u'memo': u'sell stock', u'tran_type': u'SELL', u'value': 584.573646992, u'id': 268760752, u'currency': None, u'fxrate': 1.0, u'user': 576582, u'fees': 0.0, u'date': u'2016-03-17', u'portfolio': 932340, u'tran_category': u'S', u'ticker': u'IBOC', u'price': 25.4162455214, u'quantity': -23.0}, {u'cusip': u'459044103', u'account': 973987, u'ticker_name': u'International Bancshares Corporation', u'memo': u'buy stock', u'tran_type': u'BUYL', u'value': -2425.62661489, u'id': 268760753, u'currency': None, u'fxrate': 1.0, u'user': 576582, u'fees': 0.0, u'date': u'2016-03-21', u'portfolio': 932340, u'tran_category': u'B', u'ticker': u'IBOC', u'price': 25.0064599473, u'quantity': 97.0}, {u'cusip': u'459044103', u'account': 973987, u'ticker_name': u'International Bancshares Corporation', u'memo': u'dividend payment', u'tran_type': u'DV2C', u'value': 57.1824860884, u'id': 268760754, u'currency': None, u'fxrate': 1.0, u'user': 576582, u'fees': 0.0, u'date': u'2016-04-18', u'portfolio': 932340, u'tran_category': u'I', u'ticker': u'IBOC', u'price': 0.0, u'quantity': 0.0}, {u'cusip': u'459044103', u'account': 973987, u'ticker_name': u'International Bancshares Corporation', u'memo': u'sell stock', u'tran_type': u'SELL', u'value': 3871.87791602, u'id': 268760755, u'currency': None, u'fxrate': 1.0, u'user': 576582, u'fees': 0.0, u'date': u'2016-05-03', u'portfolio': 932340, u'tran_category': u'S', u'ticker': u'IBOC', u'price': 25.9857578256, u'quantity': -149.0}, {u'cusip': u'78464A367', u'account': 973987, u'ticker_name': u'SPDR Barclays Long Term Corporate Bond ETF (based on Barclays Capital Long U.S. Corporate Index symbol--LD07TRUU', u'memo': u'buy stock', u'tran_type': u'BUYL', u'value': -4688.48811754, u'id': 268760756, u'currency': None, u'fxrate': 1.0, u'user': 576582, u'fees': 0.0, u'date': u'2015-12-11', u'portfolio': 932340, u'tran_category': u'B', u'ticker': u'LWC', u'price': 38.4302304717, u'quantity': 122.0}, {u'cusip': u'78464A367', u'account': 973987, u'ticker_name': u'SPDR Barclays Long Term Corporate Bond ETF (based on Barclays Capital Long U.S. Corporate Index symbol--LD07TRUU', u'memo': u'sell stock', u'tran_type': u'SELL', u'value': 2334.71519932, u'id': 268760757, u'currency': None, u'fxrate': 1.0, u'user': 576582, u'fees': 0.0, u'date': u'2015-12-18', u'portfolio': 932340, u'tran_category': u'S', u'ticker': u'LWC', u'price': 38.9119199886, u'quantity': -60.0}, {u'cusip': u'78464A367', u'account': 973987, u'ticker_name': u'SPDR Barclays Long Term Corporate Bond ETF (based on Barclays Capital Long U.S. Corporate Index symbol--LD07TRUU', u'memo': u'dividend payment', u'tran_type': u'DV2C', u'value': 8.7588379569, u'id': 268760758, u'currency': None, u'fxrate': 1.0, u'user': 576582, u'fees': 0.0, u'date': u'2016-01-07', u'portfolio': 932340, u'tran_category': u'I', u'ticker': u'LWC', u'price': 0.0, u'quantity': 0.0}, {u'cusip': u'78464A367', u'account': 973987, u'ticker_name': u'SPDR Barclays Long Term Corporate Bond ETF (based on Barclays Capital Long U.S. Corporate Index symbol--LD07TRUU', u'memo': u'dividend payment', u'tran_type': u'DV2C', u'value': 8.6463948691, u'id': 268760759, u'currency': None, u'fxrate': 1.0, u'user': 576582, u'fees': 0.0, u'date': u'2016-02-09', u'portfolio': 932340, u'tran_category': u'I', u'ticker': u'LWC', u'price': 0.0, u'quantity': 0.0}, {u'cusip': u'78464A367', u'account': 973987, u'ticker_name': u'SPDR Barclays Long Term Corporate Bond ETF (based on Barclays Capital Long U.S. Corporate Index symbol--LD07TRUU', u'memo': u'buy stock', u'tran_type': u'BUYL', u'value': -2692.67452066, u'id': 268760760, u'currency': None, u'fxrate': 1.0, u'user': 576582, u'fees': 0.0, u'date': u'2016-02-23', u'portfolio': 932340, u'tran_category': u'B', u'ticker': u'LWC', u'price': 39.5981547155, u'quantity': 68.0}, {u'cusip': u'78464A367', u'account': 973987, u'ticker_name': u'SPDR Barclays Long Term Corporate Bond ETF (based on Barclays Capital Long U.S. Corporate Index symbol--LD07TRUU', u'memo': u'dividend payment', u'tran_type': u'DV2C', u'value': 19.4538504812, u'id': 268760761, u'currency': None, u'fxrate': 1.0, u'user': 576582, u'fees': 0.0, u'date': u'2016-03-09', u'portfolio': 932340, u'tran_category': u'I', u'ticker': u'LWC', u'price': 0.0, u'quantity': 0.0}, {u'cusip': u'78464A367', u'account': 973987, u'ticker_name': u'SPDR Barclays Long Term Corporate Bond ETF (based on Barclays Capital Long U.S. Corporate Index symbol--LD07TRUU', u'memo': u'dividend payment', u'tran_type': u'DV2C', u'value': 19.4155807701, u'id': 268760762, u'currency': None, u'fxrate': 1.0, u'user': 576582, u'fees': 0.0, u'date': u'2016-04-11', u'portfolio': 932340, u'tran_category': u'I', u'ticker': u'LWC', u'price': 0.0, u'quantity': 0.0}, {u'cusip': u'78464A367', u'account': 973987, u'ticker_name': u'SPDR Barclays Long Term Corporate Bond ETF (based on Barclays Capital Long U.S. Corporate Index symbol--LD07TRUU', u'memo': u'buy stock', u'tran_type': u'BUYL', u'value': -581.869143319, u'id': 268760763, u'currency': None, u'fxrate': 1.0, u'user': 576582, u'fees': 0.0, u'date': u'2016-04-05', u'portfolio': 932340, u'tran_category': u'B', u'ticker': u'LWC', u'price': 38.7912762213, u'quantity': 15.0}, {u'cusip': u'78464A367', u'account': 973987, u'ticker_name': u'SPDR Barclays Long Term Corporate Bond ETF (based on Barclays Capital Long U.S. Corporate Index symbol--LD07TRUU', u'memo': u'sell stock', u'tran_type': u'SELL', u'value': 4836.68459616, u'id': 268760764, u'currency': None, u'fxrate': 1.0, u'user': 576582, u'fees': 0.0, u'date': u'2016-05-05', u'portfolio': 932340, u'tran_category': u'S', u'ticker': u'LWC', u'price': 41.6955568634, u'quantity': -116.0}, {u'cusip': u'78464A367', u'account': 973987, u'ticker_name': u'SPDR Barclays Long Term Corporate Bond ETF (based on Barclays Capital Long U.S. Corporate Index symbol--LD07TRUU', u'memo': u'buy stock', u'tran_type': u'BUYL', u'value': -2290.73485075, u'id': 268760765, u'currency': None, u'fxrate': 1.0, u'user': 576582, u'fees': 0.0, u'date': u'2016-05-10', u'portfolio': 932340, u'tran_category': u'B', u'ticker': u'LWC', u'price': 41.649724559, u'quantity': 55.0}, {u'cusip': u'655663102', u'account': 973987, u'ticker_name': u'Nordson Corporation', u'memo': u'buy stock', u'tran_type': u'BUYL', u'value': -3590.49834325, u'id': 268760766, u'currency': None, u'fxrate': 1.0, u'user': 576582, u'fees': 0.0, u'date': u'2015-12-11', u'portfolio': 932340, u'tran_category': u'B', u'ticker': u'NDSN', u'price': 64.1160418437, u'quantity': 56.0}, {u'cusip': u'655663102', u'account': 973987, u'ticker_name': u'Nordson Corporation', u'memo': u'dividend payment', u'tran_type': u'DV2C', u'value': 13.3163780159, u'id': 268760767, u'currency': None, u'fxrate': 1.0, u'user': 576582, u'fees': 0.0, u'date': u'2016-01-05', u'portfolio': 932340, u'tran_category': u'I', u'ticker': u'NDSN', u'price': 0.0, u'quantity': 0.0}, {u'cusip': u'655663102', u'account': 973987, u'ticker_name': u'Nordson Corporation', u'memo': u'buy stock', u'tran_type': u'BUYL', u'value': -2635.82995192, u'id': 268760768, u'currency': None, u'fxrate': 1.0, u'user': 576582, u'fees': 0.0, u'date': u'2016-01-21', u'portfolio': 932340, u'tran_category': u'B', u'ticker': u'NDSN', u'price': 54.9131239984, u'quantity': 48.0}, {u'cusip': u'655663102', u'account': 973987, u'ticker_name': u'Nordson Corporation', u'memo': u'dividend payment', u'tran_type': u'DV2C', u'value': 24.6037582622, u'id': 268760769, u'currency': None, u'fxrate': 1.0, u'user': 576582, u'fees': 0.0, u'date': u'2016-03-08', u'portfolio': 932340, u'tran_category': u'I', u'ticker': u'NDSN', u'price': 0.0, u'quantity': 0.0}, {u'cusip': u'655663102', u'account': 973987, u'ticker_name': u'Nordson Corporation', u'memo': u'buy stock', u'tran_type': u'BUYL', u'value': -3550.98245526, u'id': 268760770, u'currency': None, u'fxrate': 1.0, u'user': 576582, u'fees': 0.0, u'date': u'2016-04-14', u'portfolio': 932340, u'tran_category': u'B', u'ticker': u'NDSN', u'price': 73.9788011513, u'quantity': 48.0}, {u'cusip': u'655663102', u'account': 973987, u'ticker_name': u'Nordson Corporation', u'memo': u'buy stock', u'tran_type': u'BUYL', u'value': -2220.34242897, u'id': 268760771, u'currency': None, u'fxrate': 1.0, u'user': 576582, u'fees': 0.0, u'date': u'2016-04-18', u'portfolio': 932340, u'tran_category': u'B', u'ticker': u'NDSN', u'price': 76.5635320335, u'quantity': 29.0}, {u'cusip': u'655663102', u'account': 973987, u'ticker_name': u'Nordson Corporation', u'memo': u'sell stock', u'tran_type': u'SELL', u'value': 4997.85021268, u'id': 268760772, u'currency': None, u'fxrate': 1.0, u'user': 576582, u'fees': 0.0, u'date': u'2016-05-24', u'portfolio': 932340, u'tran_category': u'S', u'ticker': u'NDSN', u'price': 90.870003867, u'quantity': -55.0}, {u'cusip': u'655663102', u'account': 973987, u'ticker_name': u'Nordson Corporation', u'memo': u'sell stock', u'tran_type': u'SELL', u'value': 2165.46333903, u'id': 268760773, u'currency': None, u'fxrate': 1.0, u'user': 576582, u'fees': 0.0, u'date': u'2016-06-06', u'portfolio': 932340, u'tran_category': u'S', u'ticker': u'NDSN', u'price': 86.6185335611, u'quantity': -25.0}, {u'cusip': None, u'account': 973987, u'ticker_name': u'PIMCO Long-Term U.S. Government Fund', u'memo': u'buy stock', u'tran_type': u'BUYL', u'value': -3376.24739343, u'id': 268760774, u'currency': None, u'fxrate': 1.0, u'user': 576582, u'fees': 0.0, u'date': u'2015-12-11', u'portfolio': 932340, u'tran_category': u'B', u'ticker': u'PLGDX', u'price': 10.891120624, u'quantity': 310.0}, {u'cusip': None, u'account': 973987, u'ticker_name': u'PIMCO Long-Term U.S. Government Fund', u'memo': u'dividend payment', u'tran_type': u'DV2C', u'value': 1438.15425097, u'id': 268760775, u'currency': None, u'fxrate': 1.0, u'user': 576582, u'fees': 0.0, u'date': u'2015-12-16', u'portfolio': 932340, u'tran_category': u'I', u'ticker': u'PLGDX', u'price': 0.0, u'quantity': 0.0}, {u'cusip': None, u'account': 973987, u'ticker_name': u'PIMCO Long-Term U.S. Government Fund', u'memo': u'buy stock', u'tran_type': u'BUYL', u'value': -4021.05971368, u'id': 268760776, u'currency': None, u'fxrate': 1.0, u'user': 576582, u'fees': 0.0, u'date': u'2015-12-31', u'portfolio': 932340, u'tran_category': u'B', u'ticker': u'PLGDX', u'price': 6.0649467778, u'quantity': 663.0}, {u'cusip': None, u'account': 973987, u'ticker_name': u'PIMCO Long-Term U.S. Government Fund', u'memo': u'buy stock', u'tran_type': u'BUYL', u'value': -951.061892116, u'id': 268760777, u'currency': None, u'fxrate': 1.0, u'user': 576582, u'fees': 0.0, u'date': u'2016-01-26', u'portfolio': 932340, u'tran_category': u'B', u'ticker': u'PLGDX', u'price': 6.1358831749, u'quantity': 155.0}, {u'cusip': None, u'account': 973987, u'ticker_name': u'PIMCO Long-Term U.S. Government Fund', u'memo': u'sell stock', u'tran_type': u'SELL', u'value': 577.012583216, u'id': 268760778, u'currency': None, u'fxrate': 1.0, u'user': 576582, u'fees': 0.0, u'date': u'2016-04-07', u'portfolio': 932340, u'tran_category': u'S', u'ticker': u'PLGDX', u'price': 6.788383332, u'quantity': -85.0}, {u'cusip': None, u'account': 973987, u'ticker_name': u'PIMCO Long-Term U.S. Government Fund', u'memo': u'sell stock', u'tran_type': u'SELL', u'value': 4977.90382145, u'id': 268760779, u'currency': None, u'fxrate': 1.0, u'user': 576582, u'fees': 0.0, u'date': u'2016-04-12', u'portfolio': 932340, u'tran_category': u'S', u'ticker': u'PLGDX', u'price': 6.5326821804, u'quantity': -762.0}, {u'cusip': None, u'account': 973987, u'ticker_name': u'PIMCO Long-Term U.S. Government Fund', u'memo': u'buy stock', u'tran_type': u'BUYL', u'value': -2160.3686585, u'id': 268760780, u'currency': None, u'fxrate': 1.0, u'user': 576582, u'fees': 0.0, u'date': u'2016-04-20', u'portfolio': 932340, u'tran_category': u'B', u'ticker': u'PLGDX', u'price': 6.0855455169, u'quantity': 355.0}, {u'cusip': u'847560109', u'account': 973987, u'ticker_name': u'Spectra Energy Corp', u'memo': u'buy stock', u'tran_type': u'BUYL', u'value': -4342.94944411, u'id': 268760781, u'currency': None, u'fxrate': 1.0, u'user': 576582, u'fees': 0.0, u'date': u'2015-12-11', u'portfolio': 932340, u'tran_category': u'B', u'ticker': u'SE', u'price': 23.6029861093, u'quantity': 184.0}, {u'cusip': u'847560109', u'account': 973987, u'ticker_name': u'Spectra Energy Corp', u'memo': u'sell stock', u'tran_type': u'SELL', u'value': 2662.09229439, u'id': 268760782, u'currency': None, u'fxrate': 1.0, u'user': 576582, u'fees': 0.0, u'date': u'2016-01-25', u'portfolio': 932340, u'tran_category': u'S', u'ticker': u'SE', u'price': 25.5970412922, u'quantity': -104.0}, {u'cusip': u'847560109', u'account': 973987, u'ticker_name': u'Spectra Energy Corp', u'memo': u'dividend payment', u'tran_type': u'DV2C', u'value': 33.5548246563, u'id': 268760783, u'currency': None, u'fxrate': 1.0, u'user': 576582, u'fees': 0.0, u'date': u'2016-03-08', u'portfolio': 932340, u'tran_category': u'I', u'ticker': u'SE', u'price': 0.0, u'quantity': 0.0}, {u'cusip': u'847560109', u'account': 973987, u'ticker_name': u'Spectra Energy Corp', u'memo': u'buy stock', u'tran_type': u'BUYL', u'value': -4953.00986863, u'id': 268760784, u'currency': None, u'fxrate': 1.0, u'user': 576582, u'fees': 0.0, u'date': u'2016-03-16', u'portfolio': 932340, u'tran_category': u'B', u'ticker': u'SE', u'price': 29.482201599, u'quantity': 168.0}, {u'cusip': u'847560109', u'account': 973987, u'ticker_name': u'Spectra Energy Corp', u'memo': u'buy stock', u'tran_type': u'BUYL', u'value': -1143.30077106, u'id': 268760785, u'currency': None, u'fxrate': 1.0, u'user': 576582, u'fees': 0.0, u'date': u'2016-03-24', u'portfolio': 932340, u'tran_category': u'B', u'ticker': u'SE', u'price': 30.9000208393, u'quantity': 37.0}, {u'cusip': u'847560109', u'account': 973987, u'ticker_name': u'Spectra Energy Corp', u'memo': u'sell stock', u'tran_type': u'SELL', u'value': 866.772225732, u'id': 268760786, u'currency': None, u'fxrate': 1.0, u'user': 576582, u'fees': 0.0, u'date': u'2016-04-04', u'portfolio': 932340, u'tran_category': u'S', u'ticker': u'SE', u'price': 30.956150919, u'quantity': -28.0}, {u'cusip': u'847560109', u'account': 973987, u'ticker_name': u'Spectra Energy Corp', u'memo': u'buy stock', u'tran_type': u'BUYL', u'value': -1806.00409685, u'id': 268760787, u'currency': None, u'fxrate': 1.0, u'user': 576582, u'fees': 0.0, u'date': u'2016-06-01', u'portfolio': 932340, u'tran_category': u'B', u'ticker': u'SE', u'price': 31.1380016699, u'quantity': 58.0}, {u'cusip': None, u'account': 973987, u'ticker_name': None, u'memo': u'deposit', u'tran_type': u'DEPO', u'value': 100000.0, u'id': 268760788, u'currency': None, u'fxrate': 1.0, u'user': 576582, u'fees': 0.0, u'date': u'2015-12-08', u'portfolio': 932340, u'tran_category': u'C', u'ticker': u'', u'price': 0.0, u'quantity': 0.0}, {u'cusip': None, u'account': 973987, u'ticker_name': None, u'memo': u'withdrawal', u'tran_type': u'WITH', u'value': -32686.0, u'id': 268760789, u'currency': None, u'fxrate': 1.0, u'user': 576582, u'fees': 0.0, u'date': u'2016-06-10', u'portfolio': 932340, u'tran_category': u'C', u'ticker': u'', u'price': 0.0, u'quantity': 0.0}]}}
